Hello, my name is Potato.


You may contact me at potato@example.com.

