vegetables:
  - potato
  - leek
  - onion
  - turnip
