<ul>
  
  <li>I like potato</li>
  
  <li>I like leek</li>
  
  <li>I like onion</li>
  
  <li>I like turnip</li>
  
</ul>
