<h1>Oculi Omnium</h1>
<p>
Oculi omnium ad te sperant, Domine. Tu das escam illorum
in tempore opportuno. Oportes manum tuum et imples quicquid
vivit benedictionem tuam.

</p>
