
I believe it to be so

I believe it to be so!!!


I believe it to be so.
