<article>
  <h1>Contents of directory:</h1>
  <p>
    <ul>
      
      <li>a.txt</li>
      
      <li>b.txt</li>
      
      <li>c.txt</li>
      
    </ul>
  </p>
</article>
