Carrots are orange
  and nice
  and conical
  and sometimes purple

