Here are some "quotation marks" and a backslash \ and another one \
