url-function
url-function/potato
url-function/artichoke
url-function/styles.css
url-function/styles.css
